[www.winnovia.co/index.html]
[static.wixstatic.com/media/43eeab_aa72b204b26044769b5176414fd3d54b_mv2.png/v1/fill/w_192,h_192,lg_1,usm_0.66_1.00_0.01/43eeab_aa72b204b26044769b5176414fd3d54b_mv2.png]
[static.wixstatic.com/media/43eeab_aa72b204b26044769b5176414fd3d54b_mv2.png/v1/fill/w_32,h_32,lg_1,usm_0.66_1.00_0.01/43eeab_aa72b204b26044769b5176414fd3d54b_mv2.png]
[static.wixstatic.com/media/43eeab_aa72b204b26044769b5176414fd3d54b_mv2.png/v1/fill/w_180,h_180,lg_1,usm_0.66_1.00_0.01/43eeab_aa72b204b26044769b5176414fd3d54b_mv2.png]
[static.parastorage.com/unpkg/core-js-bundle@3.2.1/minified.js]
[static.parastorage.com/unpkg/focus-within-polyfill@5.0.9/dist/focus-within-polyfill.js]
[backblue.gif]
[fade.gif]
[index.html]
[polyfill-fastly.io/v3/polyfill.mind82c.js]
[www.winnovia.co/c.6.delayed]
[www.winnovia.co/t.7.delayed]
[www.winnovia.co/blog-feed.xml]
[static.wixstatic.com/media/43eeab_518a1e12482c4fa9ae5a413eb31111ae_mv2.png/v1/fill/w_83,h_66,al_c,q_85,usm_0.66_1.00_0.01,enc_auto/winnovia_final.png]
[static.wixstatic.com/media/5bfb6f_28efe7c743ac43949e0c7d7ebbe08575_mv2.png/v1/fill/w_96,h_30,al_c,q_85,usm_0.66_1.00_0.01,blur_1,e/5bfb6f_28efe7c743ac43949e0c7d7ebbe08575_mv2]
[www.winnovia.co/services.html]
[www.winnovia.co/about.html]
[www.winnovia.co/contact.html]
[www.winnovia.co/blog.html]
[browser.sentry-cdn.com/6.18.2/bundle.min.js]
[www.winnovia.co/sitemap.xml]
[www.winnovia.co/feed.11.delayed]
[www.winnovia.co/${i.12.delayed]
[static.parastorage.com/services/wix-thunderbolt/dist/thunderbolt-commons.27ddc1fa.bundle.min.js]
[static.parastorage.com/services/wix-thunderbolt/dist/main.c19101c7.bundle.min.js]
[static.parastorage.com/services/wix-thunderbolt/dist/main.renderer.1d21f023.bundle.min.js]
[static.parastorage.com/unpkg/lodash@4.17.21/lodash.min.js]
[static.parastorage.com/unpkg/react@18.3.1/umd/react.production.min.js]
[static.parastorage.com/unpkg/react-dom@18.3.1/umd/react-dom.production.min.js]
[www.winnovia.co/decodeURIComponent(e.19.delayed]
[www.winnovia.co/index.html]
[www.winnovia.co/c.html]
[www.winnovia.co/t.html]
[static.parastorage.com/services/tag-manager-client/1.875.0/siteTags.bundle.min.js]
[static.parastorage.com/services/wix-thunderbolt/dist/thunderbolt-commons.718dbdea.bundle.min.js]
[www.winnovia.co/services.html]
[static.parastorage.com/services/wix-thunderbolt/dist/main.a041a540.bundle.min.js]
[www.winnovia.co/about.html]
[static.parastorage.com/services/editor-elements-library/dist/thunderbolt/media/sloppyframe.d2412ec4.png]
[www.winnovia.co/contact.html]
[static.parastorage.com/services/communities-blog-ooi/1.1896.0/client-viewer/9143.chunk.min.js]
[static.parastorage.com/services/communities-blog-ooi/1.1896.0/client-viewer/6910.chunk.min.js]
[static.parastorage.com/services/communities-blog-ooi/1.1896.0/client-viewer/post-list-pro-gallery.chunk.min.js]
[www.winnovia.co/post/how-do-you-stay-on-top-of-competitors.html]
[www.winnovia.co/post/what-happened-last-week-on-social-media-marketer-s-edition.html]
[www.winnovia.co/post/delivering-successful-erp-project.html]
[www.winnovia.co/blog.html]
[www.winnovia.co/feed.html]
[www.winnovia.co/${i.html]
[www.winnovia.co/decodeURIComponent(e.html]
[static.parastorage.com/services/communities-blog-ooi/1.1896.0/BlogViewerWidgetNoCss.bundle.min.js]
[www.winnovia.co/post/reasons-for-erp-projects-failure-and-how-to-avoid-them.html]
[www.winnovia.co/post/c.26.delayed]
[www.winnovia.co/post/t.27.delayed]
[static.parastorage.com/services/communities-blog-ooi/1.1896.0/client-viewer/401.chunk.min.js]
[static.parastorage.com/services/communities-blog-ooi/1.1896.0/client-viewer/8017.chunk.min.js]
[static.parastorage.com/services/communities-blog-ooi/1.1896.0/client-viewer/8409.chunk.min.js]
[static.parastorage.com/services/communities-blog-ooi/1.1896.0/client-viewer/1150.chunk.min.js]
[static.parastorage.com/services/communities-blog-ooi/1.1896.0/client-viewer/8455.chunk.min.js]
[static.parastorage.com/services/communities-blog-ooi/1.1896.0/client-viewer/1595.chunk.min.js]
[static.parastorage.com/services/communities-blog-ooi/1.1896.0/client-viewer/5760.chunk.min.js]
[static.parastorage.com/services/communities-blog-ooi/1.1896.0/client-viewer/rich-content-viewer.chunk.min.js]
[static.parastorage.com/services/communities-blog-ooi/1.1896.0/client-viewer/9670.chunk.min.js]
[static.parastorage.com/services/communities-blog-ooi/1.1896.0/client-viewer/ricos_plugin_image.chunk.min.js]
[static.wixstatic.com/media/43eeab_58cf2260b73049a3aeac337359f00492_mv2.jpg/v1/fill/w_147,h_98,al_c,q_80,usm_0.66_1.00_0.01,blur_2,/43eeab_58cf2260b73049a3aeac337359f00492_mv2]
[www.winnovia.co/post/robots.33.delayed]
[www.winnovia.co/post/sitemap.34.delayed]
[www.winnovia.co/post/feed.35.delayed]
[www.winnovia.co/post/${i.36.delayed]
[static.parastorage.com/services/communities-blog-ooi/1.1896.0/PostViewerWidgetNoCss.bundle.min.js]
[www.winnovia.co/post/how-do-you-stay-on-top-of-competitors.html]
[www.winnovia.co/post/what-happened-last-week-on-social-media-marketer-s-edition.html]
[www.winnovia.co/post/decodeURIComponent(e.html]
[static.wixstatic.com/media/43eeab_734a8510e44145a793059b2afdcbea24_mv2.jpg/v1/fill/w_147,h_98,al_c,q_80,usm_0.66_1.00_0.01,blur_2,/43eeab_734a8510e44145a793059b2afdcbea24_mv2]
[static.parastorage.com/services/communities-blog-ooi/1.1896.0/client-viewer/ricos_plugin_divider.chunk.min.js]
[static.wixstatic.com/media/43eeab_3967d87b59b7407fa757941a898cac15_mv2.jpg/v1/fill/w_147,h_147,al_c,q_80,usm_0.66_1.00_0.01,blur_2/43eeab_3967d87b59b7407fa757941a898cac15_mv2]
[www.winnovia.co/blog/tags/oracle.html]
[www.winnovia.co/blog/tags/flectra.html]
[www.winnovia.co/blog/tags/odoo.html]
[www.winnovia.co/blog/tags/erp.html]
[www.winnovia.co/blog/tags/odoo-implementation.html]
[www.winnovia.co/blog/tags/odoo-project.html]
[www.winnovia.co/post/delivering-successful-erp-project.html]
[www.winnovia.co/blog/tags/sap.html]
[static.wixstatic.com/media/43eeab_146795677abf4a1b88e01ac4e4753c7b_mv2.jpg/v1/fill/w_147,h_147,al_c,q_80,usm_0.66_1.00_0.01,blur_2/43eeab_146795677abf4a1b88e01ac4e4753c7b_mv2]
[www.winnovia.co/blog/tags/sap-1.html]
[www.winnovia.co/post/reasons-for-erp-projects-failure-and-how-to-avoid-them.html]
[www.winnovia.co/post/c.html]
[www.winnovia.co/post/t.html]
[www.winnovia.co/post/robots.html]
[www.winnovia.co/post/sitemap.html]
[www.winnovia.co/post/feed.html]
[www.winnovia.co/post/${i.html]
[www.winnovia.co/post/decodeURIComponent(e.html]
[www.winnovia.co/blog/tags/implementation-plan.html]
[www.winnovia.co/blog/tags/c.46.delayed]
[www.winnovia.co/blog/tags/t.47.delayed]
[www.winnovia.co/blog/tags/robots.48.delayed]
[www.winnovia.co/blog/tags/sitemap.49.delayed]
[www.winnovia.co/blog/tags/feed.4a.delayed]
[www.winnovia.co/blog/tags/${i.4b.delayed]
[www.winnovia.co/blog/tags/oracle.html]
[www.winnovia.co/blog/tags/flectra.html]
[www.winnovia.co/blog/tags/odoo.html]
[www.winnovia.co/blog/tags/erp.html]
[www.winnovia.co/blog/tags/odoo-implementation.html]
[www.winnovia.co/blog/tags/odoo-project.html]
[www.winnovia.co/blog/tags/sap.html]
[www.winnovia.co/blog/tags/sap-1.html]
[www.winnovia.co/blog/tags/implementation-plan.html]
[www.winnovia.co/blog/tags/c.html]
[www.winnovia.co/blog/tags/t.html]
[www.winnovia.co/blog/tags/robots.html]
[www.winnovia.co/blog/tags/sitemap.html]
[www.winnovia.co/blog/tags/feed.html]
[www.winnovia.co/blog/tags/${i.html]
[www.winnovia.co/blog/tags/decodeURIComponent(e.html]
[www.winnovia.co/blog/tags/decodeURIComponent(e.html]
